Microchip MPLAB XC8 Compiler V1.33 ()

Linker command line:

--edf=C:\Program Files (x86)\Microchip\xc8\v1.33\dat\en_msgs.txt -cs \
  -h+dist/default/debug\Procedure_C.X.debug.sym \
  --cmf=dist/default/debug\Procedure_C.X.debug.cmf -z -Q18F4520 \
  -oC:\Users\bohome\AppData\Local\Temp\s5fs.6 \
  -Mdist/default/debug/Procedure_C.X.debug.map -E1 -ver=XC8 \
  -ASTACK=0A6h-05ffh -pstack=STACK -ACODE=00h-07FFFh -ACONST=00h-07FFFh \
  -ASMALLCONST=0600h-06FFhx122 -AMEDIUMCONST=0600h-07FFFh -ACOMRAM=01h-07Fh \
  -AABS1=00h-05FFh -ABIGRAM=01h-05FFh -ARAM=080h-0FFh,0100h-01FFhx5 \
  -ABANK0=080h-0FFh -ABANK1=0100h-01FFh -ABANK2=0200h-02FFh \
  -ABANK3=0300h-03FFh -ABANK4=0400h-04FFh -ABANK5=0500h-05FFh \
  -ASFR=0F80h-0FFFh \
  -preset_vec=00h,intcode=08h,intcodelo,powerup,init,end_init \
  -pramtop=0600h -psmallconst=SMALLCONST -pmediumconst=MEDIUMCONST \
  -pconst=CONST -AFARRAM=00h-00h -ACONFIG=0300000h-030000Dh -pconfig=CONFIG \
  -AIDLOC=0200000h-0200007h -pidloc=IDLOC -AEEDATA=0F00000h-0F000FFh \
  -peeprom_data=EEDATA \
  -prdata=COMRAM,nvrram=COMRAM,nvbit=COMRAM,rbss=COMRAM,rbit=COMRAM \
  -pfarbss=FARRAM,fardata=FARRAM,nvFARRAM=FARRAM \
  -pintsave_regs=BIGRAM,bigbss=BIGRAM,bigdata=BIGRAM -pbss=RAM \
  -pidata=CODE,irdata=CODE,ibigdata=CODE,ifardata=CODE \
  C:\Users\bohome\AppData\Local\Temp\s5fs.obj \
  dist/default/debug\Procedure_C.X.debug.obj 

Object code version is 3.11

Machine type is 18F4520

Call graph: (short form)




                Name                               Link     Load   Length Selector   Space Scale
C:\Users\bohome\AppData\Local\Temp\s5fs.obj
                end_init                             18       18        4        4       0
                reset_vec                             0        0        4        0       0
                idloc                            200000   200000        8   200000       0
                config                           300000   300000        E   300000       0
dist/default/debug\Procedure_C.X.debug.obj
                intcode                               8        8       10        4       0
                text9                               3FC      3FC       C2        4       0
                text8                               33A      33A       C2        4       0
                text7                               526      526       32        4       0
                intcode_body                         1C       1C      198        4       0
                text5                               278      278       C2        4       0
                text4                               4BE      4BE       36        4       0
                text3                               4F4      4F4       32        4       0
                text2                               582      582       10        4       0
                text1                               572      572       10        4       0
                cstackCOMRAM                          1        1       5F        1       1
                bssBANK0                             80       80       26       80       1
                bssCOMRAM                            60       60        2        1       1
                cinit                               558      558       1A        4       0
                text0                               1B4      1B4       C4        4       0

TOTAL           Name                               Link     Load   Length     Space
        CLASS   STACK          

        CLASS   CODE           
                end_init                             18       18        4         0
                intcode                               8        8       10         0
                reset_vec                             0        0        4         0
                text9                               3FC      3FC       C2         0
                text8                               33A      33A       C2         0
                text7                               526      526       32         0
                intcode_body                         1C       1C      198         0
                text5                               278      278       C2         0
                text4                               4BE      4BE       36         0
                text3                               4F4      4F4       32         0
                text2                               582      582       10         0
                text1                               572      572       10         0
                cinit                               558      558       1A         0
                text0                               1B4      1B4       C4         0

        CLASS   CONST          

        CLASS   SMALLCONST     

        CLASS   MEDIUMCONST    

        CLASS   COMRAM         
                cstackCOMRAM                          1        1       5F         1
                bssCOMRAM                            60       60        2         1

        CLASS   ABS1           

        CLASS   BIGRAM         

        CLASS   RAM            

        CLASS   BANK0          
                bssBANK0                             80       80       26         1

        CLASS   BANK1          

        CLASS   BANK2          

        CLASS   BANK3          

        CLASS   BANK4          

        CLASS   BANK5          

        CLASS   SFR            

        CLASS   FARRAM         

        CLASS   CONFIG         
                config                           300000   300000        E         0

        CLASS   IDLOC          
                idloc                            200000   200000        8         0

        CLASS   EEDATA         



SEGMENTS        Name                           Load    Length   Top    Selector   Space  Class

                reset_vec                      000000  000004  000004         0       0  CODE    
                cstackCOMRAM                   000001  000061  000062         1       1  COMRAM  
                intcode                        000008  00058A  000592         4       0  CODE    
                bssBANK0                       000080  000026  0000A6        80       1  BANK0   
                idloc                          200000  000008  200008    200000       0  IDLOC   
                config                         300000  00000E  30000E    300000       0  CONFIG  


UNUSED ADDRESS RANGES

        Name                Unused          Largest block    Delta
        BANK0            0000A6-0000FF               5A
        BANK1            000100-0001FF              100
        BANK2            000200-0002FF              100
        BANK3            000300-0003FF              100
        BANK4            000400-0004FF              100
        BANK5            000500-0005FF              100
        BIGRAM           000062-00007F               1E
                         0000A6-0005FF              55A
        CODE             000004-000007                4
                         000592-007FFF             7A6E
        COMRAM           000062-00007F               1E
        CONST            000004-000007                4
                         000592-007FFF             7A6E
        EEDATA           F00000-F000FF              100
        MEDIUMCONST      000600-007FFF             7A00
        RAM              0000A6-0005FF              100
        SFR              000F80-000FFF               80
        SMALLCONST       000600-007FFF              100
        STACK            0000A6-0005FF              55A

                                  Symbol Table

?_Task_Create            cstackCOMRAM 000011
TASK_Init@task1          cstackCOMRAM 000011
TASK_Restore@task1       cstackCOMRAM 000001
Task_Create@func1        cstackCOMRAM 000011
Task_Create@new_task     cstackCOMRAM 000027
Task_Save@task1          cstackCOMRAM 000001
_GIEH                    (abs)        007F97
_HighInt                 intcode      000008
_IPEN                    (abs)        007E87
_LATA                    (abs)        000F89
_LATB                    (abs)        000F8A
_LATC                    (abs)        000F8B
_LATD                    (abs)        000F8C
_PORTA                   (abs)        000F80
_PORTB                   (abs)        000F81
_PORTC                   (abs)        000F82
_PORTD                   (abs)        000F83
_Stack_Sav               bssCOMRAM    000060
_T1CON                   (abs)        000FCD
_TASK_Init               text5        000278
_TASK_Restore            text9        0003FC
_TMR1H                   (abs)        000FCF
_TMR1IE                  (abs)        007CE8
_TMR1IF                  (abs)        007CF0
_TMR1IP                  (abs)        007CF8
_TMR1L                   (abs)        000FCE
_TOSH                    (abs)        000FFE
_TOSL                    (abs)        000FFD
_TOSU                    (abs)        000FFF
_TRISA                   (abs)        000F92
_TRISB                   (abs)        000F93
_TRISC                   (abs)        000F94
_TRISD                   (abs)        000F95
_Task_Create             text4        0004BE
_Task_Empty              text3        0004F4
_Task_Save               text8        00033A
__HRAM                   (abs)        000000
__Habs1                  abs1         000000
__Hbank0                 bank0        000000
__Hbank1                 bank1        000000
__Hbank2                 bank2        000000
__Hbank3                 bank3        000000
__Hbank4                 bank4        000000
__Hbank5                 bank5        000000
__Hbigbss                bigbss       000000
__Hbigdata               bigdata      000000
__Hbigram                bigram       000000
__Hbss                   bss          000000
__HbssBANK0              bssBANK0     000000
__HbssCOMRAM             bssCOMRAM    000000
__Hcinit                 cinit        000000
__Hclrtext               clrtext      000000
__Hcomram                comram       000000
__Hconfig                config       30000E
__Hconst                 const        000000
__HcstackCOMRAM          cstackCOMRAM 000000
__Hdata                  data         000000
__Heeprom_data           eeprom_data  000000
__Hend_init              end_init     00001C
__Hfarbss                farbss       000000
__Hfardata               fardata      000000
__Hibigdata              ibigdata     000000
__Hidata                 idata        000000
__Hidloc                 idloc        200008
__Hifardata              ifardata     000000
__Hinit                  init         000018
__Hintcode               intcode      000018
__Hintcode_body          intcode_body 000000
__Hintcodelo             intcodelo    000018
__Hintentry              intentry     000000
__Hintret                intret       000000
__Hintsave_regs          intsave_regs 000000
__Hirdata                irdata       000000
__Hmediumconst           mediumconst  000000
__HnvFARRAM              nvFARRAM     000000
__Hnvbit                 nvbit        000000
__Hnvrram                nvrram       000000
__Hparam                 rparam       000000
__Hpowerup               powerup      000018
__Hram                   ram          000000
__Hramtop                ramtop       000600
__Hrbit                  rbit         000000
__Hrbss                  rbss         000000
__Hrdata                 rdata        000000
__Hreset_vec             reset_vec    000004
__Hrparam                rparam       000000
__Hsfr                   sfr          000000
__Hsmallconst            smallconst   000000
__Hspace_0               (abs)        30000E
__Hspace_1               (abs)        0000A6
__Hspace_2               (abs)        000000
__Hstack                 stack        000000
__Hstruct                struct       000000
__Htemp                  temp         000000
__Htext                  text         000000
__Htext0                 text0        000000
__Htext1                 text1        000000
__Htext10                text10       000000
__Htext2                 text2        000000
__Htext3                 text3        000000
__Htext4                 text4        000000
__Htext5                 text5        000000
__Htext7                 text7        000000
__Htext8                 text8        000000
__Htext9                 text9        000000
__LRAM                   (abs)        000001
__Labs1                  abs1         000000
__Lbank0                 bank0        000000
__Lbank1                 bank1        000000
__Lbank2                 bank2        000000
__Lbank3                 bank3        000000
__Lbank4                 bank4        000000
__Lbank5                 bank5        000000
__Lbigbss                bigbss       000000
__Lbigdata               bigdata      000000
__Lbigram                bigram       000000
__Lbss                   bss          000000
__LbssBANK0              bssBANK0     000000
__LbssCOMRAM             bssCOMRAM    000000
__Lcinit                 cinit        000000
__Lclrtext               clrtext      000000
__Lcomram                comram       000000
__Lconfig                config       300000
__Lconst                 const        000000
__LcstackCOMRAM          cstackCOMRAM 000000
__Ldata                  data         000000
__Leeprom_data           eeprom_data  000000
__Lend_init              end_init     000018
__Lfarbss                farbss       000000
__Lfardata               fardata      000000
__Libigdata              ibigdata     000000
__Lidata                 idata        000000
__Lidloc                 idloc        200000
__Lifardata              ifardata     000000
__Linit                  init         000018
__Lintcode               intcode      000008
__Lintcode_body          intcode_body 000000
__Lintcodelo             intcodelo    000018
__Lintentry              intentry     000000
__Lintret                intret       000000
__Lintsave_regs          intsave_regs 000000
__Lirdata                irdata       000000
__Lmediumconst           mediumconst  000000
__LnvFARRAM              nvFARRAM     000000
__Lnvbit                 nvbit        000000
__Lnvrram                nvrram       000000
__Lparam                 rparam       000000
__Lpowerup               powerup      000018
__Lram                   ram          000000
__Lramtop                ramtop       000600
__Lrbit                  rbit         000000
__Lrbss                  rbss         000000
__Lrdata                 rdata        000000
__Lreset_vec             reset_vec    000000
__Lrparam                rparam       000000
__Lsfr                   sfr          000000
__Lsmallconst            smallconst   000000
__Lspace_0               (abs)        000000
__Lspace_1               (abs)        000000
__Lspace_2               (abs)        000000
__Lstack                 stack        000000
__Lstruct                struct       000000
__Ltemp                  temp         000000
__Ltext                  text         000000
__Ltext0                 text0        000000
__Ltext1                 text1        000000
__Ltext10                text10       000000
__Ltext2                 text2        000000
__Ltext3                 text3        000000
__Ltext4                 text4        000000
__Ltext5                 text5        000000
__Ltext7                 text7        000000
__Ltext8                 text8        000000
__Ltext9                 text9        000000
__S0                     (abs)        30000E
__S1                     (abs)        0000A6
__S2                     (abs)        000000
___inthi_sp              stack        000000
___intlo_sp              stack        000000
___sp                    stack        000000
__accesstop              (abs)        000080
__activetblptr           (abs)        000002
__end_of_HighInt         intcode_body 0001B4
__end_of_TASK_Init       text5        00033A
__end_of_TASK_Restore    text9        0004BE
__end_of_Task_Create     text4        0004F4
__end_of_Task_Empty      text3        000526
__end_of_Task_Save       text8        0003FC
__end_of__initialization cinit        000568
__end_of_func1           text1        000582
__end_of_func2           text2        000592
__end_of_main            text0        000278
__end_ofi2_Task_Empty    text7        000558
__initialization         cinit        000558
__mediumconst            mediumconst  000000
__pbssBANK0              bssBANK0     000080
__pbssCOMRAM             bssCOMRAM    000060
__pcinit                 cinit        000558
__pcstackCOMRAM          cstackCOMRAM 000001
__pintcode               intcode      000008
__pintcode_body          intcode_body 00001C
__ptext0                 text0        0001B4
__ptext1                 text1        000572
__ptext10                text10       000000
__ptext2                 text2        000582
__ptext3                 text3        0004F4
__ptext4                 text4        0004BE
__ptext5                 text5        000278
__ptext7                 text7        000526
__ptext8                 text8        00033A
__ptext9                 text9        0003FC
__ramtop                 ramtop       000600
__size_of_HighInt        (abs)        000000
__size_of_TASK_Init      (abs)        000000
__size_of_TASK_Restore   (abs)        000000
__size_of_Task_Create    (abs)        000000
__size_of_Task_Empty     (abs)        000000
__size_of_Task_Save      (abs)        000000
__size_of_func1          (abs)        000000
__size_of_func2          (abs)        000000
__size_of_main           (abs)        000000
__size_ofi2_Task_Empty   (abs)        000000
__smallconst             smallconst   000000
_func1                   text1        000572
_func2                   text2        000582
_index                   bssCOMRAM    000061
_main                    text0        0001B4
_tt                      bssBANK0     000080
end_of_initialization    cinit        000568
i2_Task_Empty            text7        000526
int_func                 intcode_body 00001C
intlevel0                text         000000
intlevel1                text         000000
intlevel2                text         000000
intlevel3                text         000000
main@t1                  cstackCOMRAM 00003A
main@t2                  cstackCOMRAM 00004D
stackhi                  (abs)        0005FF
stacklo                  (abs)        0000A6
start                    init         000018
start_initialization     cinit        000558


FUNCTION INFORMATION:

 *************** function _main *****************
 Defined at:
		line 30 in file "main.c"
 Parameters:    Size  Location     Type
		None
 Auto vars:     Size  Location     Type
  t2             19   76[COMRAM] struct _task
  t1             19   57[COMRAM] struct _task
 Return value:  Size  Location     Type
                  2   58[COMRAM] int 
 Registers used:
		wreg, fsr0l, fsr0h, fsr1l, fsr1h, fsr2l, fsr2h, status,2, status,0, pclat, tosl, prodl, prodh, cstack
 Tracked objects:
		On entry : 
		On exit  : 
		Unchanged: 
 Data sizes:     COMRAM   BANK0   BANK1   BANK2   BANK3   BANK4   BANK5
      Params:         0       0       0       0       0       0       0
      Locals:        38       0       0       0       0       0       0
      Temps:          0       0       0       0       0       0       0
      Totals:        38       0       0       0       0       0       0
Total ram usage:       38 bytes
 Hardware stack levels required when called:    3
 This function calls:
		_TASK_Init
		_Task_Create
		_Task_Empty
		_func1
		_func2
 This function is called by:
		Startup code after reset
 This function uses a non-reentrant model


 *************** function _func1 *****************
 Defined at:
		line 17 in file "main.c"
 Parameters:    Size  Location     Type
		None
 Auto vars:     Size  Location     Type
		None
 Return value:  Size  Location     Type
		None               void
 Registers used:
		wreg, status,2
 Tracked objects:
		On entry : 
		On exit  : 
		Unchanged: 
 Data sizes:     COMRAM   BANK0   BANK1   BANK2   BANK3   BANK4   BANK5
      Params:         0       0       0       0       0       0       0
      Locals:         0       0       0       0       0       0       0
      Temps:          0       0       0       0       0       0       0
      Totals:         0       0       0       0       0       0       0
Total ram usage:        0 bytes
 Hardware stack levels used:    1
 Hardware stack levels required when called:    2
 This function calls:
		Nothing
 This function is called by:
		_main
 This function uses a non-reentrant model


 *************** function _func2 *****************
 Defined at:
		line 4 in file "main.c"
 Parameters:    Size  Location     Type
		None
 Auto vars:     Size  Location     Type
		None
 Return value:  Size  Location     Type
		None               void
 Registers used:
		wreg, status,2
 Tracked objects:
		On entry : 
		On exit  : 
		Unchanged: 
 Data sizes:     COMRAM   BANK0   BANK1   BANK2   BANK3   BANK4   BANK5
      Params:         0       0       0       0       0       0       0
      Locals:         0       0       0       0       0       0       0
      Temps:          0       0       0       0       0       0       0
      Totals:         0       0       0       0       0       0       0
Total ram usage:        0 bytes
 Hardware stack levels used:    1
 Hardware stack levels required when called:    2
 This function calls:
		Nothing
 This function is called by:
		_main
 This function uses a non-reentrant model


 *************** function _Task_Empty *****************
 Defined at:
		line 11 in file "core.c"
 Parameters:    Size  Location     Type
		None
 Auto vars:     Size  Location     Type
		None
 Return value:  Size  Location     Type
		None               void
 Registers used:
		wreg, status,2
 Tracked objects:
		On entry : 
		On exit  : 
		Unchanged: 
 Data sizes:     COMRAM   BANK0   BANK1   BANK2   BANK3   BANK4   BANK5
      Params:         0       0       0       0       0       0       0
      Locals:         0       0       0       0       0       0       0
      Temps:          0       0       0       0       0       0       0
      Totals:         0       0       0       0       0       0       0
Total ram usage:        0 bytes
 Hardware stack levels used:    1
 Hardware stack levels required when called:    2
 This function calls:
		Nothing
 This function is called by:
		_main
 This function uses a non-reentrant model


 *************** function _Task_Create *****************
 Defined at:
		line 2 in file "core.c"
 Parameters:    Size  Location     Type
  func1           2   16[COMRAM] PTR FTN()void 
		 -> func1(0), func2(0), 
 Auto vars:     Size  Location     Type
  new_task       19   38[COMRAM] struct _task
 Return value:  Size  Location     Type
                  19   16[COMRAM] struct _task
 Registers used:
		wreg, fsr0l, fsr0h, fsr2l, fsr2h, status,2, status,0
 Tracked objects:
		On entry : 
		On exit  : 
		Unchanged: 
 Data sizes:     COMRAM   BANK0   BANK1   BANK2   BANK3   BANK4   BANK5
      Params:        19       0       0       0       0       0       0
      Locals:        19       0       0       0       0       0       0
      Temps:          3       0       0       0       0       0       0
      Totals:        41       0       0       0       0       0       0
Total ram usage:       41 bytes
 Hardware stack levels used:    1
 Hardware stack levels required when called:    2
 This function calls:
		Nothing
 This function is called by:
		_main
 This function uses a non-reentrant model


 *************** function _TASK_Init *****************
 Defined at:
		line 69 in file "core.c"
 Parameters:    Size  Location     Type
  task1           2   16[COMRAM] PTR struct _task
		 -> tt(38), 
 Auto vars:     Size  Location     Type
		None
 Return value:  Size  Location     Type
		None               void
 Registers used:
		wreg, fsr2l, fsr2h, status,2, status,0
 Tracked objects:
		On entry : 
		On exit  : 
		Unchanged: 
 Data sizes:     COMRAM   BANK0   BANK1   BANK2   BANK3   BANK4   BANK5
      Params:         2       0       0       0       0       0       0
      Locals:         0       0       0       0       0       0       0
      Temps:          0       0       0       0       0       0       0
      Totals:         2       0       0       0       0       0       0
Total ram usage:        2 bytes
 Hardware stack levels used:    1
 Hardware stack levels required when called:    2
 This function calls:
		Nothing
 This function is called by:
		_main
 This function uses a non-reentrant model


 *************** function _HighInt *****************
 Defined at:
		line 62 in file "main.c"
 Parameters:    Size  Location     Type
		None
 Auto vars:     Size  Location     Type
		None
 Return value:  Size  Location     Type
		None               void
 Registers used:
		wreg, fsr2l, fsr2h, status,2, status,0, prodl, prodh, cstack
 Tracked objects:
		On entry : 
		On exit  : 
		Unchanged: 
 Data sizes:     COMRAM   BANK0   BANK1   BANK2   BANK3   BANK4   BANK5
      Params:         0       0       0       0       0       0       0
      Locals:         0       0       0       0       0       0       0
      Temps:         14       0       0       0       0       0       0
      Totals:        14       0       0       0       0       0       0
Total ram usage:       14 bytes
 Hardware stack levels used:    1
 Hardware stack levels required when called:    1
 This function calls:
		_TASK_Restore
		_Task_Save
		i2_Task_Empty
 This function is called by:
		Interrupt level 2
 This function uses a non-reentrant model


 *************** function i2_Task_Empty *****************
 Defined at:
		line 11 in file "core.c"
 Parameters:    Size  Location     Type
		None
 Auto vars:     Size  Location     Type
		None
 Return value:  Size  Location     Type
		None               void
 Registers used:
		wreg, status,2
 Tracked objects:
		On entry : 
		On exit  : 
		Unchanged: 
 Data sizes:     COMRAM   BANK0   BANK1   BANK2   BANK3   BANK4   BANK5
      Params:         0       0       0       0       0       0       0
      Locals:         0       0       0       0       0       0       0
      Temps:          0       0       0       0       0       0       0
      Totals:         0       0       0       0       0       0       0
Total ram usage:        0 bytes
 Hardware stack levels used:    1
 This function calls:
		Nothing
 This function is called by:
		_HighInt
 This function uses a non-reentrant model


 *************** function _Task_Save *****************
 Defined at:
		line 29 in file "core.c"
 Parameters:    Size  Location     Type
  task1           2    0[COMRAM] PTR struct _task
		 -> tt(38), 
 Auto vars:     Size  Location     Type
		None
 Return value:  Size  Location     Type
		None               void
 Registers used:
		wreg, fsr2l, fsr2h, status,2, status,0
 Tracked objects:
		On entry : 
		On exit  : 
		Unchanged: 
 Data sizes:     COMRAM   BANK0   BANK1   BANK2   BANK3   BANK4   BANK5
      Params:         2       0       0       0       0       0       0
      Locals:         0       0       0       0       0       0       0
      Temps:          0       0       0       0       0       0       0
      Totals:         2       0       0       0       0       0       0
Total ram usage:        2 bytes
 Hardware stack levels used:    1
 This function calls:
		Nothing
 This function is called by:
		_HighInt
 This function uses a non-reentrant model


 *************** function _TASK_Restore *****************
 Defined at:
		line 48 in file "core.c"
 Parameters:    Size  Location     Type
  task1           2    0[COMRAM] PTR struct _task
		 -> tt(38), 
 Auto vars:     Size  Location     Type
		None
 Return value:  Size  Location     Type
		None               void
 Registers used:
		wreg, fsr2l, fsr2h, status,2, status,0
 Tracked objects:
		On entry : 
		On exit  : 
		Unchanged: 
 Data sizes:     COMRAM   BANK0   BANK1   BANK2   BANK3   BANK4   BANK5
      Params:         2       0       0       0       0       0       0
      Locals:         0       0       0       0       0       0       0
      Temps:          0       0       0       0       0       0       0
      Totals:         2       0       0       0       0       0       0
Total ram usage:        2 bytes
 Hardware stack levels used:    1
 This function calls:
		Nothing
 This function is called by:
		_HighInt
 This function uses a non-reentrant model



MODULE INFORMATION

Module		Function		Class		Link	Load	Size
core.c
		_Task_Create   		CODE           	04BE	0000	54
		_Task_Empty    		CODE           	04F4	0000	50
		_TASK_Restore  		CODE           	03FC	0000	194
		_TASK_Init     		CODE           	0278	0000	194
		_Task_Save     		CODE           	033A	0000	194

core.c estimated size: 686

shared
		__initializatio		CODE           	0558	0000	16
		i2_Task_Empty  		CODE           	0526	0000	50

shared estimated size: 66

main.c
		_main          		CODE           	01B4	0000	196
		_func1         		CODE           	0572	0000	16
		_func2         		CODE           	0582	0000	16
		_HighInt       		CODE           	0008	0000	428

main.c estimated size: 656

