Microchip MPLAB XC8 Compiler V1.33 ()

Linker command line:

--edf=C:\Program Files (x86)\Microchip\xc8\v1.33\dat\en_msgs.txt -cs \
  -h+dist/default/production\Procedure_C.X.production.sym \
  --cmf=dist/default/production\Procedure_C.X.production.cmf -z -Q18F4520 \
  -oC:\Users\bohome\AppData\Local\Temp\s21k.6 \
  -Mdist/default/production/Procedure_C.X.production.map -E1 -ver=XC8 \
  -ASTACK=080h-0ffh -pstack=STACK -ACODE=00h-07FFFh -ACONST=00h-07FFFh \
  -ASMALLCONST=0600h-06FFhx122 -AMEDIUMCONST=0600h-07FFFh -ACOMRAM=01h-07Fh \
  -AABS1=00h-05FFh -ABIGRAM=01h-05FFh -ARAM=080h-0FFh,0100h-01FFhx5 \
  -ABANK0=080h-0FFh -ABANK1=0100h-01FFh -ABANK2=0200h-02FFh \
  -ABANK3=0300h-03FFh -ABANK4=0400h-04FFh -ABANK5=0500h-05FFh \
  -ASFR=0F80h-0FFFh \
  -preset_vec=00h,intcode=08h,intcodelo,powerup,init,end_init \
  -pramtop=0600h -psmallconst=SMALLCONST -pmediumconst=MEDIUMCONST \
  -pconst=CONST -AFARRAM=00h-00h -ACONFIG=0300000h-030000Dh -pconfig=CONFIG \
  -AIDLOC=0200000h-0200007h -pidloc=IDLOC -AEEDATA=0F00000h-0F000FFh \
  -peeprom_data=EEDATA \
  -prdata=COMRAM,nvrram=COMRAM,nvbit=COMRAM,rbss=COMRAM,rbit=COMRAM \
  -pfarbss=FARRAM,fardata=FARRAM,nvFARRAM=FARRAM \
  -pintsave_regs=BIGRAM,bigbss=BIGRAM,bigdata=BIGRAM -pbss=RAM \
  -pidata=CODE,irdata=CODE,ibigdata=CODE,ifardata=CODE \
  C:\Users\bohome\AppData\Local\Temp\s21k.obj \
  dist/default/production\Procedure_C.X.production.obj 

Object code version is 3.11

Machine type is 18F4520

Call graph: (short form)




                Name                               Link     Load   Length Selector   Space Scale
C:\Users\bohome\AppData\Local\Temp\s21k.obj
                end_init                             18       18        4        4       0
                reset_vec                             0        0        4        0       0
                idloc                            200000   200000        8   200000       0
                config                           300000   300000        E   300000       0
dist/default/production\Procedure_C.X.production.obj
                intcode                               8        8       10        4       0
                text9                               28A      28A       FA        4       0
                text8                               190      190       FA        4       0
                text7                               5EE      5EE       32        4       0
                intcode_body                         1C       1C      174        4       0
                text5                               5BC      5BC       32        4       0
                text4                               384      384       F0        4       0
                text3                               544      544       44        4       0
                text2                               588      588       34        4       0
                text1                               642      642       18        4       0
                cstackCOMRAM                          1        1       18        1       1
                cstackBANK1                         100      100       93      100       1
                cstackBANK2                         200      200       93      200       1
                cstackBANK3                         300      300       93      300       1
                cstackBANK4                         400      400       93      400       1
                bssBIGRAM                           493      493      126      493       1
                bssCOMRAM                            19       19        2        1       1
                cinit                               620      620       22        4       0
                text0                               474      474       D0        4       0

TOTAL           Name                               Link     Load   Length     Space
        CLASS   STACK          

        CLASS   CODE           
                end_init                             18       18        4         0
                intcode                               8        8       10         0
                reset_vec                             0        0        4         0
                text9                               28A      28A       FA         0
                text8                               190      190       FA         0
                text7                               5EE      5EE       32         0
                intcode_body                         1C       1C      174         0
                text5                               5BC      5BC       32         0
                text4                               384      384       F0         0
                text3                               544      544       44         0
                text2                               588      588       34         0
                text1                               642      642       18         0
                cinit                               620      620       22         0
                text0                               474      474       D0         0

        CLASS   CONST          

        CLASS   SMALLCONST     

        CLASS   MEDIUMCONST    

        CLASS   COMRAM         
                cstackCOMRAM                          1        1       18         1
                bssCOMRAM                            19       19        2         1

        CLASS   ABS1           

        CLASS   BIGRAM         
                bssBIGRAM                           493      493      126         1

        CLASS   RAM            

        CLASS   BANK0          

        CLASS   BANK1          
                cstackBANK1                         100      100       93         1

        CLASS   BANK2          
                cstackBANK2                         200      200       93         1

        CLASS   BANK3          
                cstackBANK3                         300      300       93         1

        CLASS   BANK4          
                cstackBANK4                         400      400       93         1

        CLASS   BANK5          

        CLASS   SFR            

        CLASS   FARRAM         

        CLASS   CONFIG         
                config                           300000   300000        E         0

        CLASS   IDLOC          
                idloc                            200000   200000        8         0

        CLASS   EEDATA         



SEGMENTS        Name                           Load    Length   Top    Selector   Space  Class

                reset_vec                      000000  000004  000004         0       0  CODE    
                cstackCOMRAM                   000001  00001A  00001B         1       1  COMRAM  
                intcode                        000008  000652  00065A         4       0  CODE    
                cstackBANK1                    000100  000093  000193       100       1  BANK1   
                cstackBANK2                    000200  000093  000293       200       1  BANK2   
                cstackBANK3                    000300  000093  000393       300       1  BANK3   
                cstackBANK4                    000400  000093  000493       400       1  BANK4   
                bssBIGRAM                      000493  000126  0005B9       493       1  BIGRAM  
                idloc                          200000  000008  200008    200000       0  IDLOC   
                config                         300000  00000E  30000E    300000       0  CONFIG  


UNUSED ADDRESS RANGES

        Name                Unused          Largest block    Delta
        BANK0            000080-0000FF               80
        BANK1            000193-0001FF               6D
        BANK2            000293-0002FF               6D
        BANK3            000393-0003FF               6D
        BANK5            0005B9-0005FF               47
        BIGRAM           00001B-0000FF               E5
                         000193-0001FF               6D
                         000293-0002FF               6D
                         000393-0003FF               6D
                         0005B9-0005FF               47
        CODE             000004-000007                4
                         00065A-007FFF             79A6
        COMRAM           00001B-00007F               65
        CONST            000004-000007                4
                         00065A-007FFF             79A6
        EEDATA           F00000-F000FF              100
        MEDIUMCONST      00065A-007FFF             79A6
        RAM              000080-0000FF               80
                         000193-0001FF               6D
                         000293-0002FF               6D
                         000393-0003FF               6D
                         0005B9-0005FF               47
        SFR              000F80-000FFF               80
        SMALLCONST       00065A-007FFF              100
        STACK            000080-0000FF               80

                                  Symbol Table

?_Task_Create            cstackBANK1  000100
TASK_Init@i              cstackCOMRAM 000016
TASK_Init@task1          cstackCOMRAM 000014
TASK_Restore@j           cstackCOMRAM 000005
TASK_Restore@task1       cstackCOMRAM 000001
Task_Create@func1        cstackBANK1  000100
Task_Create@new_task     cstackBANK2  000200
Task_Save@j              cstackCOMRAM 000005
Task_Save@task1          cstackCOMRAM 000001
_GIEH                    (abs)        007F97
_HighInt                 intcode      000008
_IPEN                    (abs)        007E87
_LATA                    (abs)        000F89
_LATB                    (abs)        000F8A
_LATC                    (abs)        000F8B
_LATD                    (abs)        000F8C
_PORTA                   (abs)        000F80
_PORTB                   (abs)        000F81
_PORTC                   (abs)        000F82
_PORTD                   (abs)        000F83
_Stack_Sav               bssCOMRAM    000019
_T1CON                   (abs)        000FCD
_TASK_Init               text4        000384
_TASK_Restore            text9        00028A
_TMR1H                   (abs)        000FCF
_TMR1IE                  (abs)        007CE8
_TMR1IF                  (abs)        007CF0
_TMR1IP                  (abs)        007CF8
_TMR1L                   (abs)        000FCE
_TOSH                    (abs)        000FFE
_TOSL                    (abs)        000FFD
_TOSU                    (abs)        000FFF
_TRISA                   (abs)        000F92
_TRISB                   (abs)        000F93
_TRISC                   (abs)        000F94
_TRISD                   (abs)        000F95
_Task_Create             text3        000544
_Task_Empty              text5        0005BC
_Task_Save               text8        000190
__HRAM                   (abs)        000000
__Habs1                  abs1         000000
__Hbank0                 bank0        000000
__Hbank1                 bank1        000000
__Hbank2                 bank2        000000
__Hbank3                 bank3        000000
__Hbank4                 bank4        000000
__Hbank5                 bank5        000000
__Hbigbss                bigbss       000000
__Hbigdata               bigdata      000000
__Hbigram                bigram       000000
__Hbss                   bss          000000
__HbssBIGRAM             bssBIGRAM    000000
__HbssCOMRAM             bssCOMRAM    000000
__Hcinit                 cinit        000000
__Hclrtext               clrtext      000000
__Hcomram                comram       000000
__Hconfig                config       30000E
__Hconst                 const        000000
__HcstackBANK1           cstackBANK1  000000
__HcstackBANK2           cstackBANK2  000000
__HcstackBANK3           cstackBANK3  000000
__HcstackBANK4           cstackBANK4  000000
__HcstackCOMRAM          cstackCOMRAM 000000
__Hdata                  data         000000
__Heeprom_data           eeprom_data  000000
__Hend_init              end_init     00001C
__Hfarbss                farbss       000000
__Hfardata               fardata      000000
__Hibigdata              ibigdata     000000
__Hidata                 idata        000000
__Hidloc                 idloc        200008
__Hifardata              ifardata     000000
__Hinit                  init         000018
__Hintcode               intcode      000018
__Hintcode_body          intcode_body 000000
__Hintcodelo             intcodelo    000018
__Hintentry              intentry     000000
__Hintret                intret       000000
__Hintsave_regs          intsave_regs 000000
__Hirdata                irdata       000000
__Hmediumconst           mediumconst  000000
__HnvFARRAM              nvFARRAM     000000
__Hnvbit                 nvbit        000000
__Hnvrram                nvrram       000000
__Hparam                 rparam       000000
__Hpowerup               powerup      000018
__Hram                   ram          000000
__Hramtop                ramtop       000600
__Hrbit                  rbit         000000
__Hrbss                  rbss         000000
__Hrdata                 rdata        000000
__Hreset_vec             reset_vec    000004
__Hrparam                rparam       000000
__Hsfr                   sfr          000000
__Hsmallconst            smallconst   000000
__Hspace_0               (abs)        30000E
__Hspace_1               (abs)        0005B9
__Hspace_2               (abs)        000000
__Hstack                 stack        000000
__Hstruct                struct       000000
__Htemp                  temp         000000
__Htext                  text         000000
__Htext0                 text0        000000
__Htext1                 text1        000000
__Htext10                text10       000000
__Htext2                 text2        000000
__Htext3                 text3        000000
__Htext4                 text4        000000
__Htext5                 text5        000000
__Htext7                 text7        000000
__Htext8                 text8        000000
__Htext9                 text9        000000
__LRAM                   (abs)        000001
__Labs1                  abs1         000000
__Lbank0                 bank0        000000
__Lbank1                 bank1        000000
__Lbank2                 bank2        000000
__Lbank3                 bank3        000000
__Lbank4                 bank4        000000
__Lbank5                 bank5        000000
__Lbigbss                bigbss       000000
__Lbigdata               bigdata      000000
__Lbigram                bigram       000000
__Lbss                   bss          000000
__LbssBIGRAM             bssBIGRAM    000000
__LbssCOMRAM             bssCOMRAM    000000
__Lcinit                 cinit        000000
__Lclrtext               clrtext      000000
__Lcomram                comram       000000
__Lconfig                config       300000
__Lconst                 const        000000
__LcstackBANK1           cstackBANK1  000000
__LcstackBANK2           cstackBANK2  000000
__LcstackBANK3           cstackBANK3  000000
__LcstackBANK4           cstackBANK4  000000
__LcstackCOMRAM          cstackCOMRAM 000000
__Ldata                  data         000000
__Leeprom_data           eeprom_data  000000
__Lend_init              end_init     000018
__Lfarbss                farbss       000000
__Lfardata               fardata      000000
__Libigdata              ibigdata     000000
__Lidata                 idata        000000
__Lidloc                 idloc        200000
__Lifardata              ifardata     000000
__Linit                  init         000018
__Lintcode               intcode      000008
__Lintcode_body          intcode_body 000000
__Lintcodelo             intcodelo    000018
__Lintentry              intentry     000000
__Lintret                intret       000000
__Lintsave_regs          intsave_regs 000000
__Lirdata                irdata       000000
__Lmediumconst           mediumconst  000000
__LnvFARRAM              nvFARRAM     000000
__Lnvbit                 nvbit        000000
__Lnvrram                nvrram       000000
__Lparam                 rparam       000000
__Lpowerup               powerup      000018
__Lram                   ram          000000
__Lramtop                ramtop       000600
__Lrbit                  rbit         000000
__Lrbss                  rbss         000000
__Lrdata                 rdata        000000
__Lreset_vec             reset_vec    000000
__Lrparam                rparam       000000
__Lsfr                   sfr          000000
__Lsmallconst            smallconst   000000
__Lspace_0               (abs)        000000
__Lspace_1               (abs)        000000
__Lspace_2               (abs)        000000
__Lstack                 stack        000000
__Lstruct                struct       000000
__Ltemp                  temp         000000
__Ltext                  text         000000
__Ltext0                 text0        000000
__Ltext1                 text1        000000
__Ltext10                text10       000000
__Ltext2                 text2        000000
__Ltext3                 text3        000000
__Ltext4                 text4        000000
__Ltext5                 text5        000000
__Ltext7                 text7        000000
__Ltext8                 text8        000000
__Ltext9                 text9        000000
__S0                     (abs)        30000E
__S1                     (abs)        0005B9
__S2                     (abs)        000000
___inthi_sp              stack        000000
___intlo_sp              stack        000000
___sp                    stack        000000
__accesstop              (abs)        000080
__activetblptr           (abs)        000002
__end_of_HighInt         intcode_body 000190
__end_of_TASK_Init       text4        000474
__end_of_TASK_Restore    text9        000384
__end_of_Task_Create     text3        000588
__end_of_Task_Empty      text5        0005EE
__end_of_Task_Save       text8        00028A
__end_of__initialization cinit        000638
__end_of_func1           text1        00065A
__end_of_func2           text2        0005BC
__end_of_main            text0        000544
__end_ofi2_Task_Empty    text7        000620
__initialization         cinit        000620
__mediumconst            mediumconst  000000
__pbssBIGRAM             bssBIGRAM    000493
__pbssCOMRAM             bssCOMRAM    000019
__pcinit                 cinit        000620
__pcstackBANK1           cstackBANK1  000100
__pcstackBANK2           cstackBANK2  000200
__pcstackBANK3           cstackBANK3  000300
__pcstackBANK4           cstackBANK4  000400
__pcstackCOMRAM          cstackCOMRAM 000001
__pintcode               intcode      000008
__pintcode_body          intcode_body 00001C
__ptext0                 text0        000474
__ptext1                 text1        000642
__ptext10                text10       000000
__ptext2                 text2        000588
__ptext3                 text3        000544
__ptext4                 text4        000384
__ptext5                 text5        0005BC
__ptext7                 text7        0005EE
__ptext8                 text8        000190
__ptext9                 text9        00028A
__ramtop                 ramtop       000600
__size_of_HighInt        (abs)        000000
__size_of_TASK_Init      (abs)        000000
__size_of_TASK_Restore   (abs)        000000
__size_of_Task_Create    (abs)        000000
__size_of_Task_Empty     (abs)        000000
__size_of_Task_Save      (abs)        000000
__size_of_func1          (abs)        000000
__size_of_func2          (abs)        000000
__size_of_main           (abs)        000000
__size_ofi2_Task_Empty   (abs)        000000
__smallconst             smallconst   000000
_func1                   text1        000642
_func2                   text2        000588
_index                   bssCOMRAM    00001A
_main                    text0        000474
_tt                      bssBIGRAM    000493
end_of_initialization    cinit        000638
func1@bytess             cstackCOMRAM 000014
func2@i                  cstackCOMRAM 000014
i2_Task_Empty            text7        0005EE
int_func                 intcode_body 00001C
intlevel0                text         000000
intlevel1                text         000000
intlevel2                text         000000
intlevel3                text         000000
main@bbytess             cstackCOMRAM 000017
main@t1                  cstackBANK3  000300
main@t2                  cstackBANK4  000400
stackhi                  (abs)        0000FF
stacklo                  (abs)        000080
start                    init         000018
start_initialization     cinit        000620


FUNCTION INFORMATION:

 *************** function _main *****************
 Defined at:
		line 37 in file "main.c"
 Parameters:    Size  Location     Type
		None
 Auto vars:     Size  Location     Type
  t2            147    0[BANK4 ] struct _task
  t1            147    0[BANK3 ] struct _task
  bbytess         2   22[COMRAM] int 
 Return value:  Size  Location     Type
                  2   60[COMRAM] int 
 Registers used:
		wreg, fsr0l, fsr0h, fsr1l, fsr1h, fsr2l, fsr2h, status,2, status,0, pclat, tosl, prodl, prodh, cstack
 Tracked objects:
		On entry : 
		On exit  : 
		Unchanged: 
 Data sizes:     COMRAM   BANK0   BANK1   BANK2   BANK3   BANK4   BANK5
      Params:         0       0       0       0       0       0       0
      Locals:         2       0       0       0     147     147       0
      Temps:          0       0       0       0       0       0       0
      Totals:         2       0       0       0     147     147       0
Total ram usage:      296 bytes
 Hardware stack levels required when called:    4
 This function calls:
		_TASK_Init
		_Task_Create
		_Task_Empty
		_func1
		_func2
 This function is called by:
		Startup code after reset
 This function uses a non-reentrant model


 *************** function _func1 *****************
 Defined at:
		line 21 in file "main.c"
 Parameters:    Size  Location     Type
		None
 Auto vars:     Size  Location     Type
  bytess          1   19[COMRAM] unsigned char 
 Return value:  Size  Location     Type
		None               void
 Registers used:
		wreg, status,2
 Tracked objects:
		On entry : 
		On exit  : 
		Unchanged: 
 Data sizes:     COMRAM   BANK0   BANK1   BANK2   BANK3   BANK4   BANK5
      Params:         0       0       0       0       0       0       0
      Locals:         1       0       0       0       0       0       0
      Temps:          0       0       0       0       0       0       0
      Totals:         1       0       0       0       0       0       0
Total ram usage:        1 bytes
 Hardware stack levels used:    1
 Hardware stack levels required when called:    2
 This function calls:
		Nothing
 This function is called by:
		_main
 This function uses a non-reentrant model


 *************** function _func2 *****************
 Defined at:
		line 4 in file "main.c"
 Parameters:    Size  Location     Type
		None
 Auto vars:     Size  Location     Type
  i               2   19[COMRAM] int 
 Return value:  Size  Location     Type
		None               void
 Registers used:
		wreg, status,2, status,0
 Tracked objects:
		On entry : 
		On exit  : 
		Unchanged: 
 Data sizes:     COMRAM   BANK0   BANK1   BANK2   BANK3   BANK4   BANK5
      Params:         0       0       0       0       0       0       0
      Locals:         2       0       0       0       0       0       0
      Temps:          0       0       0       0       0       0       0
      Totals:         2       0       0       0       0       0       0
Total ram usage:        2 bytes
 Hardware stack levels used:    1
 Hardware stack levels required when called:    2
 This function calls:
		Nothing
 This function is called by:
		_main
 This function uses a non-reentrant model


 *************** function _Task_Create *****************
 Defined at:
		line 2 in file "core.c"
 Parameters:    Size  Location     Type
  func1           2    0[BANK1 ] PTR FTN()void 
		 -> func1(0), func2(0), 
 Auto vars:     Size  Location     Type
  new_task      147    0[BANK2 ] struct _task
 Return value:  Size  Location     Type
                  147    0[BANK1 ] struct _task
 Registers used:
		wreg, fsr0l, fsr0h, fsr2l, fsr2h, status,2, status,0
 Tracked objects:
		On entry : 
		On exit  : 
		Unchanged: 
 Data sizes:     COMRAM   BANK0   BANK1   BANK2   BANK3   BANK4   BANK5
      Params:         0       0     147       0       0       0       0
      Locals:         0       0       0     147       0       0       0
      Temps:          3       0       0       0       0       0       0
      Totals:         3       0     147     147       0       0       0
Total ram usage:      297 bytes
 Hardware stack levels used:    1
 Hardware stack levels required when called:    2
 This function calls:
		Nothing
 This function is called by:
		_main
 This function uses a non-reentrant model


 *************** function _TASK_Init *****************
 Defined at:
		line 85 in file "core.c"
 Parameters:    Size  Location     Type
  task1           2   19[COMRAM] PTR struct _task
		 -> tt(294), 
 Auto vars:     Size  Location     Type
  i               1   21[COMRAM] unsigned char 
 Return value:  Size  Location     Type
		None               void
 Registers used:
		wreg, fsr2l, fsr2h, status,2, status,0, prodl, prodh, cstack
 Tracked objects:
		On entry : 
		On exit  : 
		Unchanged: 
 Data sizes:     COMRAM   BANK0   BANK1   BANK2   BANK3   BANK4   BANK5
      Params:         2       0       0       0       0       0       0
      Locals:         1       0       0       0       0       0       0
      Temps:          0       0       0       0       0       0       0
      Totals:         3       0       0       0       0       0       0
Total ram usage:        3 bytes
 Hardware stack levels used:    1
 Hardware stack levels required when called:    3
 This function calls:
		_Task_Empty
 This function is called by:
		_main
 This function uses a non-reentrant model


 *************** function _Task_Empty *****************
 Defined at:
		line 11 in file "core.c"
 Parameters:    Size  Location     Type
		None
 Auto vars:     Size  Location     Type
		None
 Return value:  Size  Location     Type
		None               void
 Registers used:
		wreg, status,2
 Tracked objects:
		On entry : 
		On exit  : 
		Unchanged: 
 Data sizes:     COMRAM   BANK0   BANK1   BANK2   BANK3   BANK4   BANK5
      Params:         0       0       0       0       0       0       0
      Locals:         0       0       0       0       0       0       0
      Temps:          0       0       0       0       0       0       0
      Totals:         0       0       0       0       0       0       0
Total ram usage:        0 bytes
 Hardware stack levels used:    1
 Hardware stack levels required when called:    2
 This function calls:
		Nothing
 This function is called by:
		_main
		_TASK_Init
 This function uses a non-reentrant model


 *************** function _HighInt *****************
 Defined at:
		line 71 in file "main.c"
 Parameters:    Size  Location     Type
		None
 Auto vars:     Size  Location     Type
		None
 Return value:  Size  Location     Type
		None               void
 Registers used:
		wreg, fsr1l, fsr1h, fsr2l, fsr2h, status,2, status,0, prodl, prodh, cstack
 Tracked objects:
		On entry : 
		On exit  : 
		Unchanged: 
 Data sizes:     COMRAM   BANK0   BANK1   BANK2   BANK3   BANK4   BANK5
      Params:         0       0       0       0       0       0       0
      Locals:         0       0       0       0       0       0       0
      Temps:         14       0       0       0       0       0       0
      Totals:        14       0       0       0       0       0       0
Total ram usage:       14 bytes
 Hardware stack levels used:    1
 Hardware stack levels required when called:    1
 This function calls:
		_TASK_Restore
		_Task_Save
		i2_Task_Empty
 This function is called by:
		Interrupt level 2
 This function uses a non-reentrant model


 *************** function i2_Task_Empty *****************
 Defined at:
		line 11 in file "core.c"
 Parameters:    Size  Location     Type
		None
 Auto vars:     Size  Location     Type
		None
 Return value:  Size  Location     Type
		None               void
 Registers used:
		wreg, status,2
 Tracked objects:
		On entry : 
		On exit  : 
		Unchanged: 
 Data sizes:     COMRAM   BANK0   BANK1   BANK2   BANK3   BANK4   BANK5
      Params:         0       0       0       0       0       0       0
      Locals:         0       0       0       0       0       0       0
      Temps:          0       0       0       0       0       0       0
      Totals:         0       0       0       0       0       0       0
Total ram usage:        0 bytes
 Hardware stack levels used:    1
 This function calls:
		Nothing
 This function is called by:
		_HighInt
 This function uses a non-reentrant model


 *************** function _Task_Save *****************
 Defined at:
		line 29 in file "core.c"
 Parameters:    Size  Location     Type
  task1           2    0[COMRAM] PTR struct _task
		 -> tt(294), 
 Auto vars:     Size  Location     Type
  j               1    4[COMRAM] unsigned char 
 Return value:  Size  Location     Type
		None               void
 Registers used:
		wreg, fsr1l, fsr1h, fsr2l, fsr2h, status,2, status,0, prodl, prodh
 Tracked objects:
		On entry : 
		On exit  : 
		Unchanged: 
 Data sizes:     COMRAM   BANK0   BANK1   BANK2   BANK3   BANK4   BANK5
      Params:         2       0       0       0       0       0       0
      Locals:         1       0       0       0       0       0       0
      Temps:          2       0       0       0       0       0       0
      Totals:         5       0       0       0       0       0       0
Total ram usage:        5 bytes
 Hardware stack levels used:    1
 This function calls:
		Nothing
 This function is called by:
		_HighInt
 This function uses a non-reentrant model


 *************** function _TASK_Restore *****************
 Defined at:
		line 56 in file "core.c"
 Parameters:    Size  Location     Type
  task1           2    0[COMRAM] PTR struct _task
		 -> tt(294), 
 Auto vars:     Size  Location     Type
  j               1    4[COMRAM] unsigned char 
 Return value:  Size  Location     Type
		None               void
 Registers used:
		wreg, fsr1l, fsr1h, fsr2l, fsr2h, status,2, status,0, prodl, prodh
 Tracked objects:
		On entry : 
		On exit  : 
		Unchanged: 
 Data sizes:     COMRAM   BANK0   BANK1   BANK2   BANK3   BANK4   BANK5
      Params:         2       0       0       0       0       0       0
      Locals:         1       0       0       0       0       0       0
      Temps:          2       0       0       0       0       0       0
      Totals:         5       0       0       0       0       0       0
Total ram usage:        5 bytes
 Hardware stack levels used:    1
 This function calls:
		Nothing
 This function is called by:
		_HighInt
 This function uses a non-reentrant model



MODULE INFORMATION

Module		Function		Class		Link	Load	Size
core.c
		_Task_Create   		CODE           	0544	0000	68
		_Task_Empty    		CODE           	05BC	0000	50
		_TASK_Restore  		CODE           	028A	0000	250
		_TASK_Init     		CODE           	0384	0000	240
		_Task_Save     		CODE           	0190	0000	250

core.c estimated size: 858

shared
		__initializatio		CODE           	0620	0000	24
		i2_Task_Empty  		CODE           	05EE	0000	50

shared estimated size: 74

main.c
		_main          		CODE           	0474	0000	208
		_func1         		CODE           	0642	0000	24
		_func2         		CODE           	0588	0000	52
		_HighInt       		CODE           	0008	0000	392

main.c estimated size: 676

